// Jest Snapshot v1, https://goo.gl/fbAQLP

exports[`renders correctly 1`] = `
<section
  className="header__item  lang"
>
  <div
    className="flag-sprite"
    dangerouslySetInnerHTML={
      Object {
        "__html": "test-file-stub",
      }
    }
  />
  <button
    className="header__button"
    onClick={[Function]}
  >
    <svg
      className="flag"
      dangerouslySetInnerHTML={
        Object {
          "__html": "<use xlink:href=\\"#en\\"></use>",
        }
      }
    />
  </button>
</section>
`;
